2025-04-14 10:43:57,171 - INFO - ====================================================================================================
2025-04-14 10:43:57,171 - INFO -         - platform : local
2025-04-14 10:43:57,171 - INFO -         - local_rank : 0
2025-04-14 10:43:57,171 - INFO -         - rank : 0
2025-04-14 10:43:57,171 - INFO -         - device : cuda:0
2025-04-14 10:43:57,171 - INFO -         - world_size : 1
2025-04-14 10:43:57,171 - INFO -         - random_seed : 100
2025-04-14 10:43:57,171 - INFO -         - lr : 0.0002
2025-04-14 10:43:57,171 - INFO -         - weight_decay : 0.01
2025-04-14 10:43:57,171 - INFO -         - correct_bias : True
2025-04-14 10:43:57,171 - INFO -         - adam_epislon : 1e-06
2025-04-14 10:43:57,171 - INFO -         - no_decay_bias : False
2025-04-14 10:43:57,171 - INFO -         - adam_beta1 : 0.9
2025-04-14 10:43:57,171 - INFO -         - adam_beta2 : 0.999
2025-04-14 10:43:57,171 - INFO -         - scheduler : linear
2025-04-14 10:43:57,171 - INFO -         - max_step : None
2025-04-14 10:43:57,171 - INFO -         - max_epoch : 3
2025-04-14 10:43:57,171 - INFO -         - warmup_step : 500
2025-04-14 10:43:57,171 - INFO -         - i_steps : 0
2025-04-14 10:43:57,172 - INFO -         - i_lrs : 0.00025
2025-04-14 10:43:57,172 - INFO -         - log_dir : ./log/webnlg_challenge_2017
2025-04-14 10:43:57,172 - INFO -         - train_data : ./data/webnlg_challenge_2017/train.jsonl
2025-04-14 10:43:57,172 - INFO -         - valid_data : ./data/webnlg_challenge_2017/valid.jsonl
2025-04-14 10:43:57,172 - INFO -         - train_batch_size : 4
2025-04-14 10:43:57,172 - INFO -         - valid_batch_size : 1
2025-04-14 10:43:57,172 - INFO -         - grad_acc : 1
2025-04-14 10:43:57,172 - INFO -         - clip : 0.0
2025-04-14 10:43:57,172 - INFO -         - seq_len : 256
2025-04-14 10:43:57,172 - INFO -         - model_card : gpt2.sm
2025-04-14 10:43:57,172 - INFO -         - init_checkpoint : ./pretrained_checkpoints/gpt2-pytorch_model.bin
2025-04-14 10:43:57,172 - INFO -         - fp16 : False
2025-04-14 10:43:57,172 - INFO -         - log_interval : 100
2025-04-14 10:43:57,172 - INFO -         - eval_interval : 2000
2025-04-14 10:43:57,172 - INFO -         - save_interval : 1000
2025-04-14 10:43:57,172 - INFO -         - work_dir : ./trained_models/GPT2_SM/webnlg_challenge_2017
2025-04-14 10:43:57,172 - INFO -         - lora_dim : 4
2025-04-14 10:43:57,172 - INFO -         - lora_alpha : 32
2025-04-14 10:43:57,172 - INFO -         - obj : clm
2025-04-14 10:43:57,172 - INFO -         - lora_dropout : 0.1
2025-04-14 10:43:57,172 - INFO -         - label_smooth : 0.1
2025-04-14 10:43:57,172 - INFO -         - roll_interval : -1
2025-04-14 10:43:57,172 - INFO -         - roll_lr : 1e-05
2025-04-14 10:43:57,172 - INFO -         - roll_step : 100
2025-04-14 10:43:57,172 - INFO -         - eval_epoch : 1
2025-04-14 10:43:57,172 - INFO -         - dist : <module 'torch.distributed' from '/home/yindi/anaconda3/envs/lora_gpt2_3.7/lib/python3.7/site-packages/torch/distributed/__init__.py'>
2025-04-14 10:43:57,172 - INFO - ====================================================================================================
2025-04-14 10:43:58,994 - INFO - loading model pretrained weight.
2025-04-14 10:44:01,346 - INFO - set max_step:2133
2025-04-14 10:44:01,362 - INFO - start to train the model................1
2025-04-14 10:44:01,558 - INFO - Reducer buckets have been rebuilt in this iteration.
2025-04-14 10:44:16,280 - INFO - | epoch   1 step      100 |    100 batches | lr 4e-05 | ms/batch 149.18 | loss  5.16 | avg loss  5.79 | ppl 327.66
2025-04-14 10:44:31,321 - INFO - | epoch   1 step      200 |    200 batches | lr 8e-05 | ms/batch 150.40 | loss  2.96 | avg loss  4.01 | ppl 55.12
2025-04-14 10:44:46,472 - INFO - | epoch   1 step      300 |    300 batches | lr 0.00012 | ms/batch 151.51 | loss  2.91 | avg loss  2.99 | ppl 19.96
2025-04-14 10:45:01,676 - INFO - | epoch   1 step      400 |    400 batches | lr 0.00016 | ms/batch 152.04 | loss  2.65 | avg loss  2.77 | ppl 16.04
2025-04-14 10:45:16,926 - INFO - | epoch   1 step      500 |    500 batches | lr 0.0002 | ms/batch 152.50 | loss  2.78 | avg loss  2.69 | ppl 14.76
2025-04-14 10:45:32,209 - INFO - | epoch   1 step      600 |    600 batches | lr 0.000188 | ms/batch 152.83 | loss  2.60 | avg loss  2.58 | ppl 13.21
2025-04-14 10:45:47,506 - INFO - | epoch   1 step      700 |    700 batches | lr 0.000176 | ms/batch 152.96 | loss  2.44 | avg loss  2.51 | ppl 12.26
2025-04-14 10:45:49,189 - INFO - saving checkpoint./trained_models/GPT2_SM/webnlg_challenge_2017/model.711.pt
2025-04-14 10:45:51,602 - INFO - start to train the model................2
2025-04-14 10:46:05,218 - INFO - | epoch   2 step      800 |     89 batches | lr 0.000163 | ms/batch 136.16 | loss  2.42 | avg loss  2.46 | ppl 11.75
2025-04-14 10:46:20,661 - INFO - | epoch   2 step      900 |    189 batches | lr 0.000151 | ms/batch 154.43 | loss  2.38 | avg loss  2.41 | ppl 11.19
2025-04-14 10:46:36,183 - INFO - | epoch   2 step     1000 |    289 batches | lr 0.000139 | ms/batch 155.21 | loss  2.46 | avg loss  2.39 | ppl 10.87
2025-04-14 10:46:36,183 - INFO - saving checkpoint ./trained_models/GPT2_SM/webnlg_challenge_2017/model.1000.pt
2025-04-14 10:46:51,794 - INFO - | epoch   2 step     1100 |    389 batches | lr 0.000127 | ms/batch 156.11 | loss  2.69 | avg loss  2.41 | ppl 11.15
2025-04-14 10:47:07,389 - INFO - | epoch   2 step     1200 |    489 batches | lr 0.000114 | ms/batch 155.94 | loss  2.39 | avg loss  2.40 | ppl 10.99
2025-04-14 10:47:23,041 - INFO - | epoch   2 step     1300 |    589 batches | lr 0.000102 | ms/batch 156.52 | loss  2.65 | avg loss  2.32 | ppl 10.22
2025-04-14 10:47:38,803 - INFO - | epoch   2 step     1400 |    689 batches | lr 8.98e-05 | ms/batch 157.61 | loss  2.78 | avg loss  2.35 | ppl 10.46
2025-04-14 10:47:42,271 - INFO - saving checkpoint./trained_models/GPT2_SM/webnlg_challenge_2017/model.1422.pt
2025-04-14 10:47:44,722 - INFO - start to train the model................3
2025-04-14 10:47:56,873 - INFO - | epoch   3 step     1500 |     78 batches | lr 7.75e-05 | ms/batch 121.51 | loss  2.07 | avg loss  2.28 | ppl  9.74
2025-04-14 10:48:12,611 - INFO - | epoch   3 step     1600 |    178 batches | lr 6.53e-05 | ms/batch 157.38 | loss  3.12 | avg loss  2.29 | ppl  9.91
2025-04-14 10:48:28,337 - INFO - | epoch   3 step     1700 |    278 batches | lr 5.3e-05 | ms/batch 157.26 | loss  2.33 | avg loss  2.29 | ppl  9.87
2025-04-14 10:48:44,179 - INFO - | epoch   3 step     1800 |    378 batches | lr 4.08e-05 | ms/batch 158.41 | loss  2.19 | avg loss  2.29 | ppl  9.88
2025-04-14 10:48:59,984 - INFO - | epoch   3 step     1900 |    478 batches | lr 2.85e-05 | ms/batch 158.04 | loss  2.67 | avg loss  2.31 | ppl 10.09
2025-04-14 10:49:15,789 - INFO - | epoch   3 step     2000 |    578 batches | lr 1.63e-05 | ms/batch 158.05 | loss  2.13 | avg loss  2.26 | ppl  9.60
2025-04-14 10:49:15,789 - INFO - saving checkpoint ./trained_models/GPT2_SM/webnlg_challenge_2017/model.2000.pt
2025-04-14 10:49:15,849 - INFO - eval samples: 0 loss: 0.32668402791023254
2025-04-14 10:49:18,122 - INFO - eval samples: 100 loss: 1.0573337078094482
2025-04-14 10:49:19,429 - INFO - average loss 0.8781897171954566
2025-04-14 10:49:19,429 - INFO - ----------------------------------------------------------------------------------------------------
2025-04-14 10:49:19,429 - INFO - | Eval   1 at step     2000 | time:  3.62s | valid loss  0.88 | valid ppl  2.41 | best ppl  2.41 
2025-04-14 10:49:19,429 - INFO - ----------------------------------------------------------------------------------------------------
2025-04-14 10:49:35,263 - INFO - | epoch   3 step     2100 |    678 batches | lr 4.04e-06 | ms/batch 194.74 | loss  1.95 | avg loss  2.26 | ppl  9.54
2025-04-14 10:49:40,445 - INFO - saving checkpoint./trained_models/GPT2_SM/webnlg_challenge_2017/model.2133.pt
2025-04-14 10:49:41,450 - INFO - ----------------------------------------------------------------------------------------------------
2025-04-14 10:49:41,451 - INFO - End of training
2025-04-14 10:49:41,451 - INFO - cleanup dist ...
