2025-04-14 12:11:37,440 - INFO - ====================================================================================================
2025-04-14 12:11:37,440 - INFO -         - platform : local
2025-04-14 12:11:37,440 - INFO -         - local_rank : 0
2025-04-14 12:11:37,440 - INFO -         - rank : 0
2025-04-14 12:11:37,440 - INFO -         - device : 0
2025-04-14 12:11:37,440 - INFO -         - world_size : 1
2025-04-14 12:11:37,440 - INFO -         - random_seed : 100
2025-04-14 12:11:37,440 - INFO -         - lr : 0.0002
2025-04-14 12:11:37,440 - INFO -         - weight_decay : 0.01
2025-04-14 12:11:37,440 - INFO -         - correct_bias : True
2025-04-14 12:11:37,440 - INFO -         - adam_epislon : 1e-06
2025-04-14 12:11:37,440 - INFO -         - no_decay_bias : False
2025-04-14 12:11:37,440 - INFO -         - adam_beta1 : 0.9
2025-04-14 12:11:37,440 - INFO -         - adam_beta2 : 0.999
2025-04-14 12:11:37,440 - INFO -         - scheduler : linear
2025-04-14 12:11:37,440 - INFO -         - max_step : None
2025-04-14 12:11:37,440 - INFO -         - max_epoch : 3
2025-04-14 12:11:37,440 - INFO -         - warmup_step : 500
2025-04-14 12:11:37,440 - INFO -         - i_steps : 0
2025-04-14 12:11:37,440 - INFO -         - i_lrs : 0.00025
2025-04-14 12:11:37,440 - INFO -         - log_dir : ./log/e2e
2025-04-14 12:11:37,440 - INFO -         - train_data : ./data/e2e/train.jsonl
2025-04-14 12:11:37,440 - INFO -         - valid_data : ./data/e2e/valid.jsonl
2025-04-14 12:11:37,440 - INFO -         - train_batch_size : 4
2025-04-14 12:11:37,440 - INFO -         - valid_batch_size : 1
2025-04-14 12:11:37,440 - INFO -         - grad_acc : 1
2025-04-14 12:11:37,440 - INFO -         - clip : 0.0
2025-04-14 12:11:37,440 - INFO -         - seq_len : 256
2025-04-14 12:11:37,440 - INFO -         - model_card : gpt2.sm
2025-04-14 12:11:37,440 - INFO -         - init_checkpoint : ./pretrained_checkpoints/gpt2-pytorch_model.bin
2025-04-14 12:11:37,440 - INFO -         - fp16 : False
2025-04-14 12:11:37,440 - INFO -         - log_interval : 100
2025-04-14 12:11:37,440 - INFO -         - eval_interval : 2000
2025-04-14 12:11:37,441 - INFO -         - save_interval : 1000
2025-04-14 12:11:37,441 - INFO -         - work_dir : ./trained_models/GPT2_SM/e2e
2025-04-14 12:11:37,441 - INFO -         - lora_dim : 4
2025-04-14 12:11:37,441 - INFO -         - lora_alpha : 32
2025-04-14 12:11:37,441 - INFO -         - obj : clm
2025-04-14 12:11:37,441 - INFO -         - lora_dropout : 0.1
2025-04-14 12:11:37,441 - INFO -         - label_smooth : 0.1
2025-04-14 12:11:37,441 - INFO -         - roll_interval : -1
2025-04-14 12:11:37,441 - INFO -         - roll_lr : 1e-05
2025-04-14 12:11:37,441 - INFO -         - roll_step : 100
2025-04-14 12:11:37,441 - INFO -         - eval_epoch : 1
2025-04-14 12:11:37,441 - INFO - ====================================================================================================
2025-04-14 12:11:37,945 - INFO - loading model pretrained weight.
2025-04-14 12:11:40,571 - INFO - set max_step:3000
2025-04-14 12:11:40,573 - INFO - start to train the model................1
2025-04-14 12:12:09,120 - INFO - | epoch   1 step      100 |    100 batches | lr 4e-05 | ms/batch 285.46 | loss  5.01 | avg loss  5.81 | ppl 335.17
2025-04-14 12:12:37,277 - INFO - | epoch   1 step      200 |    200 batches | lr 8e-05 | ms/batch 281.57 | loss  3.51 | avg loss  4.20 | ppl 66.36
2025-04-14 12:13:06,183 - INFO - | epoch   1 step      300 |    300 batches | lr 0.00012 | ms/batch 289.05 | loss  3.25 | avg loss  3.41 | ppl 30.25
2025-04-14 12:13:35,446 - INFO - | epoch   1 step      400 |    400 batches | lr 0.00016 | ms/batch 292.63 | loss  2.72 | avg loss  3.20 | ppl 24.53
2025-04-14 12:14:04,991 - INFO - | epoch   1 step      500 |    500 batches | lr 0.0002 | ms/batch 295.45 | loss  3.94 | avg loss  3.13 | ppl 22.93
2025-04-14 12:14:34,908 - INFO - | epoch   1 step      600 |    600 batches | lr 0.000192 | ms/batch 299.17 | loss  3.43 | avg loss  3.06 | ppl 21.33
2025-04-14 12:15:04,790 - INFO - | epoch   1 step      700 |    700 batches | lr 0.000184 | ms/batch 298.82 | loss  3.15 | avg loss  3.04 | ppl 20.87
2025-04-14 12:15:34,841 - INFO - | epoch   1 step      800 |    800 batches | lr 0.000176 | ms/batch 300.51 | loss  3.51 | avg loss  3.05 | ppl 21.02
2025-04-14 12:16:04,695 - INFO - | epoch   1 step      900 |    900 batches | lr 0.000168 | ms/batch 298.54 | loss  2.78 | avg loss  2.99 | ppl 19.80
2025-04-14 12:16:34,120 - INFO - | epoch   1 step     1000 |   1000 batches | lr 0.00016 | ms/batch 294.25 | loss  2.83 | avg loss  3.00 | ppl 20.10
2025-04-14 12:16:34,121 - INFO - saving checkpoint ./trained_models/GPT2_SM/e2e/model.1000.pt
2025-04-14 12:16:34,340 - INFO - saving checkpoint./trained_models/GPT2_SM/e2e/model.1000.pt
2025-04-14 12:16:37,429 - INFO - start to train the model................2
2025-04-14 12:17:06,320 - INFO - | epoch   2 step     1100 |    100 batches | lr 0.000152 | ms/batch 288.91 | loss  3.03 | avg loss  2.97 | ppl 19.40
2025-04-14 12:17:35,748 - INFO - | epoch   2 step     1200 |    200 batches | lr 0.000144 | ms/batch 294.27 | loss  2.96 | avg loss  2.95 | ppl 19.19
2025-04-14 12:18:05,127 - INFO - | epoch   2 step     1300 |    300 batches | lr 0.000136 | ms/batch 293.79 | loss  2.85 | avg loss  2.96 | ppl 19.34
2025-04-14 12:18:34,384 - INFO - | epoch   2 step     1400 |    400 batches | lr 0.000128 | ms/batch 292.57 | loss  2.49 | avg loss  2.90 | ppl 18.21
2025-04-14 12:19:03,928 - INFO - | epoch   2 step     1500 |    500 batches | lr 0.00012 | ms/batch 295.44 | loss  3.81 | avg loss  2.91 | ppl 18.44
2025-04-14 12:19:33,187 - INFO - | epoch   2 step     1600 |    600 batches | lr 0.000112 | ms/batch 292.60 | loss  3.26 | avg loss  2.88 | ppl 17.84
2025-04-14 12:20:02,512 - INFO - | epoch   2 step     1700 |    700 batches | lr 0.000104 | ms/batch 293.24 | loss  2.93 | avg loss  2.89 | ppl 17.95
2025-04-14 12:20:32,021 - INFO - | epoch   2 step     1800 |    800 batches | lr 9.6e-05 | ms/batch 295.09 | loss  3.38 | avg loss  2.91 | ppl 18.35
2025-04-14 12:21:01,308 - INFO - | epoch   2 step     1900 |    900 batches | lr 8.8e-05 | ms/batch 292.87 | loss  2.69 | avg loss  2.87 | ppl 17.64
2025-04-14 12:21:30,722 - INFO - | epoch   2 step     2000 |   1000 batches | lr 8e-05 | ms/batch 294.14 | loss  2.69 | avg loss  2.89 | ppl 17.98
2025-04-14 12:21:30,722 - INFO - saving checkpoint ./trained_models/GPT2_SM/e2e/model.2000.pt
2025-04-14 12:21:30,958 - INFO - eval samples: 0 loss: 1.1316605806350708
2025-04-14 12:21:35,108 - INFO - eval samples: 100 loss: 1.097327470779419
2025-04-14 12:21:39,296 - INFO - eval samples: 200 loss: 1.062638282775879
2025-04-14 12:21:43,485 - INFO - eval samples: 300 loss: 1.2834686040878296
2025-04-14 12:21:47,677 - INFO - eval samples: 400 loss: 0.7844662666320801
2025-04-14 12:21:51,867 - INFO - eval samples: 500 loss: 1.268480896949768
2025-04-14 12:21:56,059 - INFO - eval samples: 600 loss: 1.1211366653442383
2025-04-14 12:22:00,247 - INFO - eval samples: 700 loss: 1.2790478467941284
2025-04-14 12:22:04,448 - INFO - eval samples: 800 loss: 1.4350407123565674
2025-04-14 12:22:08,637 - INFO - eval samples: 900 loss: 1.40971839427948
2025-04-14 12:22:12,824 - INFO - eval samples: 1000 loss: 1.0776792764663696
2025-04-14 12:22:17,038 - INFO - eval samples: 1100 loss: 2.351393699645996
2025-04-14 12:22:21,230 - INFO - eval samples: 1200 loss: 1.0825860500335693
2025-04-14 12:22:25,414 - INFO - eval samples: 1300 loss: 1.948583960533142
2025-04-14 12:22:29,598 - INFO - eval samples: 1400 loss: 0.7535611391067505
2025-04-14 12:22:33,783 - INFO - eval samples: 1500 loss: 2.73317289352417
2025-04-14 12:22:37,968 - INFO - eval samples: 1600 loss: 1.4607696533203125
2025-04-14 12:22:42,156 - INFO - eval samples: 1700 loss: 0.637679398059845
2025-04-14 12:22:46,344 - INFO - eval samples: 1800 loss: 0.7959403991699219
2025-04-14 12:22:50,532 - INFO - eval samples: 1900 loss: 0.9565247893333435
2025-04-14 12:22:54,635 - INFO - average loss 1.5210968510337683
2025-04-14 12:22:54,635 - INFO - ----------------------------------------------------------------------------------------------------
2025-04-14 12:22:54,635 - INFO - | Eval   1 at step     2000 | time: 83.75s | valid loss  1.52 | valid ppl  4.58 | best ppl  4.58 
2025-04-14 12:22:54,635 - INFO - ----------------------------------------------------------------------------------------------------
2025-04-14 12:22:54,636 - INFO - saving checkpoint./trained_models/GPT2_SM/e2e/model.2000.pt
2025-04-14 12:22:57,699 - INFO - start to train the model................3
2025-04-14 12:23:26,570 - INFO - | epoch   3 step     2100 |    100 batches | lr 7.2e-05 | ms/batch 288.71 | loss  2.90 | avg loss  2.87 | ppl 17.68
2025-04-14 12:23:55,838 - INFO - | epoch   3 step     2200 |    200 batches | lr 6.4e-05 | ms/batch 292.68 | loss  2.84 | avg loss  2.87 | ppl 17.60
2025-04-14 12:24:25,355 - INFO - | epoch   3 step     2300 |    300 batches | lr 5.6e-05 | ms/batch 295.16 | loss  2.77 | avg loss  2.88 | ppl 17.87
2025-04-14 12:24:54,548 - INFO - | epoch   3 step     2400 |    400 batches | lr 4.8e-05 | ms/batch 291.93 | loss  2.44 | avg loss  2.83 | ppl 16.94
2025-04-14 12:25:23,906 - INFO - | epoch   3 step     2500 |    500 batches | lr 4e-05 | ms/batch 293.58 | loss  3.75 | avg loss  2.85 | ppl 17.31
2025-04-14 12:25:53,313 - INFO - | epoch   3 step     2600 |    600 batches | lr 3.2e-05 | ms/batch 294.07 | loss  3.21 | avg loss  2.82 | ppl 16.86
2025-04-14 12:26:22,811 - INFO - | epoch   3 step     2700 |    700 batches | lr 2.4e-05 | ms/batch 294.98 | loss  2.89 | avg loss  2.83 | ppl 16.93
2025-04-14 12:26:52,064 - INFO - | epoch   3 step     2800 |    800 batches | lr 1.6e-05 | ms/batch 292.52 | loss  3.36 | avg loss  2.86 | ppl 17.39
2025-04-14 12:27:21,510 - INFO - | epoch   3 step     2900 |    900 batches | lr 8e-06 | ms/batch 294.45 | loss  2.67 | avg loss  2.82 | ppl 16.82
2025-04-14 12:27:50,728 - INFO - | epoch   3 step     3000 |   1000 batches | lr 0 | ms/batch 292.18 | loss  2.62 | avg loss  2.85 | ppl 17.23
2025-04-14 12:27:50,728 - INFO - saving checkpoint ./trained_models/GPT2_SM/e2e/model.3000.pt
2025-04-14 12:27:50,912 - INFO - saving checkpoint./trained_models/GPT2_SM/e2e/model.3000.pt
2025-04-14 12:27:53,978 - INFO - ----------------------------------------------------------------------------------------------------
2025-04-14 12:27:53,978 - INFO - End of training
