2025-04-14 09:26:53,609 - INFO - ====================================================================================================
2025-04-14 09:26:53,609 - INFO -         - platform : local
2025-04-14 09:26:53,609 - INFO -         - local_rank : 0
2025-04-14 09:26:53,609 - INFO -         - rank : 0
2025-04-14 09:26:53,609 - INFO -         - device : 0
2025-04-14 09:26:53,609 - INFO -         - world_size : 1
2025-04-14 09:26:53,609 - INFO -         - random_seed : 100
2025-04-14 09:26:53,609 - INFO -         - lr : 0.0002
2025-04-14 09:26:53,609 - INFO -         - weight_decay : 0.01
2025-04-14 09:26:53,609 - INFO -         - correct_bias : True
2025-04-14 09:26:53,609 - INFO -         - adam_epislon : 1e-06
2025-04-14 09:26:53,610 - INFO -         - no_decay_bias : False
2025-04-14 09:26:53,610 - INFO -         - adam_beta1 : 0.9
2025-04-14 09:26:53,610 - INFO -         - adam_beta2 : 0.999
2025-04-14 09:26:53,610 - INFO -         - scheduler : linear
2025-04-14 09:26:53,610 - INFO -         - max_step : None
2025-04-14 09:26:53,610 - INFO -         - max_epoch : 3
2025-04-14 09:26:53,610 - INFO -         - warmup_step : 500
2025-04-14 09:26:53,610 - INFO -         - i_steps : 0
2025-04-14 09:26:53,610 - INFO -         - i_lrs : 0.00025
2025-04-14 09:26:53,610 - INFO -         - log_dir : ./log/dart
2025-04-14 09:26:53,610 - INFO -         - train_data : ./data/dart/train.jsonl
2025-04-14 09:26:53,610 - INFO -         - valid_data : ./data/dart/valid.jsonl
2025-04-14 09:26:53,610 - INFO -         - train_batch_size : 4
2025-04-14 09:26:53,610 - INFO -         - valid_batch_size : 1
2025-04-14 09:26:53,610 - INFO -         - grad_acc : 1
2025-04-14 09:26:53,610 - INFO -         - clip : 0.0
2025-04-14 09:26:53,610 - INFO -         - seq_len : 256
2025-04-14 09:26:53,610 - INFO -         - model_card : gpt2.sm
2025-04-14 09:26:53,610 - INFO -         - init_checkpoint : ./pretrained_checkpoints/gpt2-pytorch_model.bin
2025-04-14 09:26:53,610 - INFO -         - fp16 : False
2025-04-14 09:26:53,610 - INFO -         - log_interval : 100
2025-04-14 09:26:53,610 - INFO -         - eval_interval : 2000
2025-04-14 09:26:53,610 - INFO -         - save_interval : 1000
2025-04-14 09:26:53,610 - INFO -         - work_dir : ./trained_models/GPT2_SM/dart
2025-04-14 09:26:53,610 - INFO -         - lora_dim : 4
2025-04-14 09:26:53,610 - INFO -         - lora_alpha : 32
2025-04-14 09:26:53,610 - INFO -         - obj : clm
2025-04-14 09:26:53,610 - INFO -         - lora_dropout : 0.1
2025-04-14 09:26:53,610 - INFO -         - label_smooth : 0.1
2025-04-14 09:26:53,610 - INFO -         - roll_interval : -1
2025-04-14 09:26:53,610 - INFO -         - roll_lr : 1e-05
2025-04-14 09:26:53,610 - INFO -         - roll_step : 100
2025-04-14 09:26:53,610 - INFO -         - eval_epoch : 1
2025-04-14 09:26:53,610 - INFO - ====================================================================================================
2025-04-14 09:26:54,085 - INFO - loading model pretrained weight.
2025-04-14 09:26:56,607 - INFO - set max_step:2250
2025-04-14 09:26:56,609 - INFO - start to train the model................1
2025-04-14 09:27:24,335 - INFO - | epoch   1 step      100 |    100 batches | lr 4e-05 | ms/batch 277.26 | loss  4.56 | avg loss  5.78 | ppl 325.10
2025-04-14 09:27:52,245 - INFO - | epoch   1 step      200 |    200 batches | lr 8e-05 | ms/batch 279.09 | loss  3.45 | avg loss  4.50 | ppl 89.92
2025-04-14 09:28:20,391 - INFO - | epoch   1 step      300 |    300 batches | lr 0.00012 | ms/batch 281.46 | loss  3.15 | avg loss  3.36 | ppl 28.73
2025-04-14 09:28:48,630 - INFO - | epoch   1 step      400 |    400 batches | lr 0.00016 | ms/batch 282.39 | loss  2.76 | avg loss  2.97 | ppl 19.54
2025-04-14 09:29:16,871 - INFO - | epoch   1 step      500 |    500 batches | lr 0.0002 | ms/batch 282.41 | loss  2.78 | avg loss  2.91 | ppl 18.41
2025-04-14 09:29:45,656 - INFO - | epoch   1 step      600 |    600 batches | lr 0.000189 | ms/batch 287.85 | loss  2.97 | avg loss  2.81 | ppl 16.56
2025-04-14 09:30:14,440 - INFO - | epoch   1 step      700 |    700 batches | lr 0.000177 | ms/batch 287.83 | loss  3.37 | avg loss  3.16 | ppl 23.69
2025-04-14 09:30:28,996 - INFO - saving checkpoint./trained_models/GPT2_SM/dart/model.750.pt
2025-04-14 09:30:30,705 - INFO - start to train the model................2
2025-04-14 09:30:44,925 - INFO - | epoch   2 step      800 |     50 batches | lr 0.000166 | ms/batch 142.20 | loss  4.26 | avg loss  3.76 | ppl 42.92
2025-04-14 09:31:13,794 - INFO - | epoch   2 step      900 |    150 batches | lr 0.000154 | ms/batch 288.69 | loss  3.28 | avg loss  3.52 | ppl 33.82
2025-04-14 09:31:43,110 - INFO - | epoch   2 step     1000 |    250 batches | lr 0.000143 | ms/batch 293.16 | loss  3.21 | avg loss  3.07 | ppl 21.48
2025-04-14 09:31:43,110 - INFO - saving checkpoint ./trained_models/GPT2_SM/dart/model.1000.pt
2025-04-14 09:32:12,358 - INFO - | epoch   2 step     1100 |    350 batches | lr 0.000131 | ms/batch 292.48 | loss  2.92 | avg loss  2.85 | ppl 17.28
2025-04-14 09:32:41,576 - INFO - | epoch   2 step     1200 |    450 batches | lr 0.00012 | ms/batch 292.18 | loss  2.32 | avg loss  2.73 | ppl 15.35
2025-04-14 09:33:10,901 - INFO - | epoch   2 step     1300 |    550 batches | lr 0.000109 | ms/batch 293.25 | loss  2.89 | avg loss  2.76 | ppl 15.80
2025-04-14 09:33:40,323 - INFO - | epoch   2 step     1400 |    650 batches | lr 9.71e-05 | ms/batch 294.21 | loss  2.73 | avg loss  2.79 | ppl 16.36
2025-04-14 09:34:09,589 - INFO - | epoch   2 step     1500 |    750 batches | lr 8.57e-05 | ms/batch 292.67 | loss  2.91 | avg loss  3.02 | ppl 20.51
2025-04-14 09:34:09,590 - INFO - saving checkpoint./trained_models/GPT2_SM/dart/model.1500.pt
2025-04-14 09:34:11,306 - INFO - start to train the model................3
2025-04-14 09:34:40,598 - INFO - | epoch   3 step     1600 |    100 batches | lr 7.43e-05 | ms/batch 292.92 | loss  2.93 | avg loss  3.49 | ppl 32.66
2025-04-14 09:35:10,147 - INFO - | epoch   3 step     1700 |    200 batches | lr 6.29e-05 | ms/batch 295.49 | loss  2.74 | avg loss  3.29 | ppl 26.72
2025-04-14 09:35:39,610 - INFO - | epoch   3 step     1800 |    300 batches | lr 5.14e-05 | ms/batch 294.62 | loss  2.79 | avg loss  2.88 | ppl 17.83
2025-04-14 09:36:09,200 - INFO - | epoch   3 step     1900 |    400 batches | lr 4e-05 | ms/batch 295.90 | loss  2.47 | avg loss  2.66 | ppl 14.27
2025-04-14 09:36:38,905 - INFO - | epoch   3 step     2000 |    500 batches | lr 2.86e-05 | ms/batch 297.05 | loss  2.58 | avg loss  2.71 | ppl 14.97
2025-04-14 09:36:38,905 - INFO - saving checkpoint ./trained_models/GPT2_SM/dart/model.2000.pt
2025-04-14 09:36:39,189 - INFO - eval samples: 0 loss: 1.6240143775939941
2025-04-14 09:36:43,534 - INFO - eval samples: 100 loss: 1.7643275260925293
2025-04-14 09:36:47,909 - INFO - eval samples: 200 loss: 1.881945252418518
2025-04-14 09:36:48,312 - INFO - average loss 2.472938797871272
2025-04-14 09:36:48,312 - INFO - ----------------------------------------------------------------------------------------------------
2025-04-14 09:36:48,312 - INFO - | Eval   1 at step     2000 | time:  9.20s | valid loss  2.47 | valid ppl 11.86 | best ppl 11.86 
2025-04-14 09:36:48,312 - INFO - ----------------------------------------------------------------------------------------------------
2025-04-14 09:37:17,915 - INFO - | epoch   3 step     2100 |    600 batches | lr 1.71e-05 | ms/batch 390.09 | loss  2.90 | avg loss  2.66 | ppl 14.25
2025-04-14 09:37:47,796 - INFO - | epoch   3 step     2200 |    700 batches | lr 5.71e-06 | ms/batch 298.82 | loss  3.22 | avg loss  3.01 | ppl 20.30
2025-04-14 09:38:02,614 - INFO - saving checkpoint./trained_models/GPT2_SM/dart/model.2250.pt
2025-04-14 09:38:04,350 - INFO - ----------------------------------------------------------------------------------------------------
2025-04-14 09:38:04,350 - INFO - End of training
