2025-04-14 10:49:51,811 - INFO - ====================================================================================================
2025-04-14 10:49:51,811 - INFO -         - platform : local
2025-04-14 10:49:51,811 - INFO -         - local_rank : 0
2025-04-14 10:49:51,811 - INFO -         - rank : 0
2025-04-14 10:49:51,811 - INFO -         - device : cuda:0
2025-04-14 10:49:51,811 - INFO -         - world_size : 1
2025-04-14 10:49:51,811 - INFO -         - random_seed : 10
2025-04-14 10:49:51,812 - INFO -         - log_dir : ./log/webnlg_challenge_2017
2025-04-14 10:49:51,812 - INFO -         - data : ./data/webnlg_challenge_2017/test.jsonl
2025-04-14 10:49:51,812 - INFO -         - batch_size : 1
2025-04-14 10:49:51,812 - INFO -         - seq_len : 256
2025-04-14 10:49:51,812 - INFO -         - eval_len : 64
2025-04-14 10:49:51,812 - INFO -         - min_length : 0
2025-04-14 10:49:51,812 - INFO -         - model_card : gpt2.sm
2025-04-14 10:49:51,812 - INFO -         - init_checkpoint : ./trained_models/GPT2_SM/webnlg_challenge_2017/model.2133.pt
2025-04-14 10:49:51,812 - INFO -         - lora_dim : 4
2025-04-14 10:49:51,812 - INFO -         - lora_alpha : 32
2025-04-14 10:49:51,812 - INFO -         - work_dir : ./trained_models/GPT2_SM/webnlg_challenge_2017
2025-04-14 10:49:51,812 - INFO -         - beam : 10
2025-04-14 10:49:51,812 - INFO -         - length_penalty : 0.8
2025-04-14 10:49:51,812 - INFO -         - no_repeat_ngram_size : 4
2025-04-14 10:49:51,812 - INFO -         - repetition_penalty : 1.0
2025-04-14 10:49:51,812 - INFO -         - eos_token_id : [50256, 628]
2025-04-14 10:49:51,812 - INFO -         - output_file : predict.2133.b10p08.jsonl
2025-04-14 10:49:51,812 - INFO -         - dist : <module 'torch.distributed' from '/home/yindi/anaconda3/envs/lora_gpt2_3.7/lib/python3.7/site-packages/torch/distributed/__init__.py'>
2025-04-14 10:49:51,812 - INFO - ====================================================================================================
2025-04-14 10:49:53,630 - INFO - loading model pretrained weight.
2025-04-14 10:49:54,729 - INFO - model sampling ...
2025-04-14 10:49:56,233 - INFO - inference samples 0
2025-04-14 10:50:10,185 - INFO - inference samples 10
2025-04-14 10:50:24,238 - INFO - inference samples 20
2025-04-14 10:50:38,381 - INFO - inference samples 30
2025-04-14 10:50:52,547 - INFO - inference samples 40
2025-04-14 10:51:06,681 - INFO - inference samples 50
2025-04-14 10:51:21,197 - INFO - inference samples 60
2025-04-14 10:51:35,381 - INFO - inference samples 70
2025-04-14 10:51:49,607 - INFO - inference samples 80
2025-04-14 10:52:03,817 - INFO - inference samples 90
2025-04-14 10:52:18,015 - INFO - inference samples 100
2025-04-14 10:52:32,186 - INFO - inference samples 110
2025-04-14 10:52:46,402 - INFO - inference samples 120
2025-04-14 10:53:00,570 - INFO - inference samples 130
2025-04-14 10:53:14,732 - INFO - inference samples 140
2025-04-14 10:53:28,907 - INFO - inference samples 150
2025-04-14 10:53:43,100 - INFO - inference samples 160
2025-04-14 10:53:57,318 - INFO - inference samples 170
2025-04-14 10:54:11,515 - INFO - inference samples 180
2025-04-14 10:54:25,697 - INFO - inference samples 190
2025-04-14 10:54:39,894 - INFO - inference samples 200
2025-04-14 10:54:54,064 - INFO - inference samples 210
2025-04-14 10:55:08,244 - INFO - inference samples 220
2025-04-14 10:55:22,444 - INFO - inference samples 230
2025-04-14 10:55:36,633 - INFO - inference samples 240
2025-04-14 10:55:50,809 - INFO - inference samples 250
2025-04-14 10:56:04,943 - INFO - inference samples 260
2025-04-14 10:56:19,135 - INFO - inference samples 270
2025-04-14 10:56:33,336 - INFO - inference samples 280
2025-04-14 10:56:38,990 - INFO - saving prediction file ./trained_models/GPT2_SM/webnlg_challenge_2017/predict.2133.b10p08.jsonl
2025-04-14 10:56:38,992 - INFO - cleanup dist ...
