2025-04-14 11:35:28,598 - INFO - ====================================================================================================
2025-04-14 11:35:28,599 - INFO -         - platform : local
2025-04-14 11:35:28,599 - INFO -         - local_rank : 0
2025-04-14 11:35:28,599 - INFO -         - rank : 0
2025-04-14 11:35:28,599 - INFO -         - device : cuda:0
2025-04-14 11:35:28,599 - INFO -         - world_size : 1
2025-04-14 11:35:28,599 - INFO -         - random_seed : 100
2025-04-14 11:35:28,599 - INFO -         - lr : 0.0002
2025-04-14 11:35:28,599 - INFO -         - weight_decay : 0.01
2025-04-14 11:35:28,599 - INFO -         - correct_bias : True
2025-04-14 11:35:28,599 - INFO -         - adam_epislon : 1e-06
2025-04-14 11:35:28,599 - INFO -         - no_decay_bias : False
2025-04-14 11:35:28,599 - INFO -         - adam_beta1 : 0.9
2025-04-14 11:35:28,599 - INFO -         - adam_beta2 : 0.999
2025-04-14 11:35:28,599 - INFO -         - scheduler : linear
2025-04-14 11:35:28,599 - INFO -         - max_step : None
2025-04-14 11:35:28,599 - INFO -         - max_epoch : 3
2025-04-14 11:35:28,599 - INFO -         - warmup_step : 500
2025-04-14 11:35:28,599 - INFO -         - i_steps : 0
2025-04-14 11:35:28,599 - INFO -         - i_lrs : 0.00025
2025-04-14 11:35:28,599 - INFO -         - log_dir : ./log/dart
2025-04-14 11:35:28,599 - INFO -         - train_data : ./data/dart/train.jsonl
2025-04-14 11:35:28,599 - INFO -         - valid_data : ./data/dart/valid.jsonl
2025-04-14 11:35:28,599 - INFO -         - train_batch_size : 4
2025-04-14 11:35:28,599 - INFO -         - valid_batch_size : 1
2025-04-14 11:35:28,599 - INFO -         - grad_acc : 1
2025-04-14 11:35:28,599 - INFO -         - clip : 0.0
2025-04-14 11:35:28,599 - INFO -         - seq_len : 256
2025-04-14 11:35:28,599 - INFO -         - model_card : gpt2.sm
2025-04-14 11:35:28,599 - INFO -         - init_checkpoint : ./pretrained_checkpoints/gpt2-pytorch_model.bin
2025-04-14 11:35:28,599 - INFO -         - fp16 : False
2025-04-14 11:35:28,599 - INFO -         - log_interval : 100
2025-04-14 11:35:28,599 - INFO -         - eval_interval : 2000
2025-04-14 11:35:28,599 - INFO -         - save_interval : 1000
2025-04-14 11:35:28,599 - INFO -         - work_dir : ./trained_models/GPT2_SM/dart
2025-04-14 11:35:28,599 - INFO -         - lora_dim : 4
2025-04-14 11:35:28,599 - INFO -         - lora_alpha : 32
2025-04-14 11:35:28,600 - INFO -         - obj : clm
2025-04-14 11:35:28,600 - INFO -         - lora_dropout : 0.1
2025-04-14 11:35:28,600 - INFO -         - label_smooth : 0.1
2025-04-14 11:35:28,600 - INFO -         - roll_interval : -1
2025-04-14 11:35:28,600 - INFO -         - roll_lr : 1e-05
2025-04-14 11:35:28,600 - INFO -         - roll_step : 100
2025-04-14 11:35:28,600 - INFO -         - eval_epoch : 1
2025-04-14 11:35:28,600 - INFO -         - dist : <module 'torch.distributed' from '/home/yindi/anaconda3/envs/lora_gpt2_3.7/lib/python3.7/site-packages/torch/distributed/__init__.py'>
2025-04-14 11:35:28,600 - INFO - ====================================================================================================
2025-04-14 11:35:30,274 - INFO - loading model pretrained weight.
2025-04-14 11:35:32,762 - INFO - set max_step:2250
2025-04-14 11:35:32,784 - INFO - start to train the model................1
2025-04-14 11:35:33,024 - INFO - Reducer buckets have been rebuilt in this iteration.
2025-04-14 11:35:48,009 - INFO - | epoch   1 step      100 |    100 batches | lr 4e-05 | ms/batch 152.25 | loss  5.60 | avg loss  5.64 | ppl 281.60
2025-04-14 11:36:03,310 - INFO - | epoch   1 step      200 |    200 batches | lr 8e-05 | ms/batch 153.01 | loss  3.68 | avg loss  4.20 | ppl 66.36
2025-04-14 11:36:18,616 - INFO - | epoch   1 step      300 |    300 batches | lr 0.00012 | ms/batch 153.05 | loss  3.48 | avg loss  3.42 | ppl 30.55
2025-04-14 11:36:33,934 - INFO - | epoch   1 step      400 |    400 batches | lr 0.00016 | ms/batch 153.17 | loss  2.75 | avg loss  3.17 | ppl 23.76
2025-04-14 11:36:49,234 - INFO - | epoch   1 step      500 |    500 batches | lr 0.0002 | ms/batch 153.00 | loss  2.97 | avg loss  3.12 | ppl 22.60
2025-04-14 11:37:04,597 - INFO - | epoch   1 step      600 |    600 batches | lr 0.000189 | ms/batch 153.63 | loss  2.66 | avg loss  3.11 | ppl 22.32
2025-04-14 11:37:19,994 - INFO - | epoch   1 step      700 |    700 batches | lr 0.000177 | ms/batch 153.96 | loss  2.78 | avg loss  3.07 | ppl 21.46
2025-04-14 11:37:27,673 - INFO - saving checkpoint./trained_models/GPT2_SM/dart/model.750.pt
2025-04-14 11:37:30,303 - INFO - start to train the model................2
2025-04-14 11:37:37,978 - INFO - | epoch   2 step      800 |     50 batches | lr 0.000166 | ms/batch 76.74 | loss  2.77 | avg loss  2.94 | ppl 19.00
2025-04-14 11:37:53,399 - INFO - | epoch   2 step      900 |    150 batches | lr 0.000154 | ms/batch 154.21 | loss  2.80 | avg loss  3.00 | ppl 20.18
2025-04-14 11:38:08,812 - INFO - | epoch   2 step     1000 |    250 batches | lr 0.000143 | ms/batch 154.12 | loss  2.64 | avg loss  2.94 | ppl 18.84
2025-04-14 11:38:08,812 - INFO - saving checkpoint ./trained_models/GPT2_SM/dart/model.1000.pt
2025-04-14 11:38:24,204 - INFO - | epoch   2 step     1100 |    350 batches | lr 0.000131 | ms/batch 153.92 | loss  2.82 | avg loss  3.03 | ppl 20.69
2025-04-14 11:38:39,719 - INFO - | epoch   2 step     1200 |    450 batches | lr 0.00012 | ms/batch 155.14 | loss  3.05 | avg loss  2.90 | ppl 18.13
2025-04-14 11:38:55,368 - INFO - | epoch   2 step     1300 |    550 batches | lr 0.000109 | ms/batch 156.50 | loss  3.11 | avg loss  2.92 | ppl 18.55
2025-04-14 11:39:11,001 - INFO - | epoch   2 step     1400 |    650 batches | lr 9.71e-05 | ms/batch 156.32 | loss  2.54 | avg loss  2.92 | ppl 18.46
2025-04-14 11:39:26,635 - INFO - | epoch   2 step     1500 |    750 batches | lr 8.57e-05 | ms/batch 156.34 | loss  3.07 | avg loss  2.97 | ppl 19.51
2025-04-14 11:39:26,636 - INFO - saving checkpoint./trained_models/GPT2_SM/dart/model.1500.pt
2025-04-14 11:39:29,102 - INFO - start to train the model................3
2025-04-14 11:39:44,606 - INFO - | epoch   3 step     1600 |    100 batches | lr 7.43e-05 | ms/batch 155.03 | loss  2.63 | avg loss  2.86 | ppl 17.42
2025-04-14 11:40:00,288 - INFO - | epoch   3 step     1700 |    200 batches | lr 6.29e-05 | ms/batch 156.81 | loss  3.23 | avg loss  2.88 | ppl 17.81
2025-04-14 11:40:16,004 - INFO - | epoch   3 step     1800 |    300 batches | lr 5.14e-05 | ms/batch 157.16 | loss  2.52 | avg loss  2.89 | ppl 17.96
2025-04-14 11:40:31,658 - INFO - | epoch   3 step     1900 |    400 batches | lr 4e-05 | ms/batch 156.53 | loss  3.74 | avg loss  2.91 | ppl 18.31
2025-04-14 11:40:47,437 - INFO - | epoch   3 step     2000 |    500 batches | lr 2.86e-05 | ms/batch 157.79 | loss  2.93 | avg loss  2.88 | ppl 17.87
2025-04-14 11:40:47,437 - INFO - saving checkpoint ./trained_models/GPT2_SM/dart/model.2000.pt
2025-04-14 11:40:47,483 - INFO - eval samples: 0 loss: 1.5202935934066772
2025-04-14 11:40:49,743 - INFO - eval samples: 100 loss: 2.4988088607788086
2025-04-14 11:40:51,992 - INFO - eval samples: 200 loss: 2.061803102493286
2025-04-14 11:40:52,191 - INFO - average loss 2.284106419767652
2025-04-14 11:40:52,192 - INFO - ----------------------------------------------------------------------------------------------------
2025-04-14 11:40:52,192 - INFO - | Eval   1 at step     2000 | time:  4.75s | valid loss  2.28 | valid ppl  9.82 | best ppl  9.82 
2025-04-14 11:40:52,192 - INFO - ----------------------------------------------------------------------------------------------------
2025-04-14 11:41:07,869 - INFO - | epoch   3 step     2100 |    600 batches | lr 1.71e-05 | ms/batch 204.32 | loss  2.78 | avg loss  2.86 | ppl 17.46
2025-04-14 11:41:23,548 - INFO - | epoch   3 step     2200 |    700 batches | lr 5.71e-06 | ms/batch 156.78 | loss  2.59 | avg loss  2.90 | ppl 18.12
2025-04-14 11:41:31,488 - INFO - saving checkpoint./trained_models/GPT2_SM/dart/model.2250.pt
2025-04-14 11:41:34,024 - INFO - ----------------------------------------------------------------------------------------------------
2025-04-14 11:41:34,025 - INFO - End of training
2025-04-14 11:41:34,025 - INFO - cleanup dist ...
