2025-04-14 10:57:43,903 - INFO - ====================================================================================================
2025-04-14 10:57:43,903 - INFO -         - platform : local
2025-04-14 10:57:43,903 - INFO -         - local_rank : 0
2025-04-14 10:57:43,903 - INFO -         - rank : 0
2025-04-14 10:57:43,903 - INFO -         - device : cuda:0
2025-04-14 10:57:43,903 - INFO -         - world_size : 1
2025-04-14 10:57:43,903 - INFO -         - random_seed : 100
2025-04-14 10:57:43,903 - INFO -         - lr : 0.0002
2025-04-14 10:57:43,903 - INFO -         - weight_decay : 0.01
2025-04-14 10:57:43,903 - INFO -         - correct_bias : True
2025-04-14 10:57:43,903 - INFO -         - adam_epislon : 1e-06
2025-04-14 10:57:43,903 - INFO -         - no_decay_bias : False
2025-04-14 10:57:43,903 - INFO -         - adam_beta1 : 0.9
2025-04-14 10:57:43,904 - INFO -         - adam_beta2 : 0.999
2025-04-14 10:57:43,904 - INFO -         - scheduler : linear
2025-04-14 10:57:43,904 - INFO -         - max_step : None
2025-04-14 10:57:43,904 - INFO -         - max_epoch : 3
2025-04-14 10:57:43,904 - INFO -         - warmup_step : 500
2025-04-14 10:57:43,904 - INFO -         - i_steps : 0
2025-04-14 10:57:43,904 - INFO -         - i_lrs : 0.00025
2025-04-14 10:57:43,904 - INFO -         - log_dir : ./log/e2e
2025-04-14 10:57:43,904 - INFO -         - train_data : ./data/e2e/train.jsonl
2025-04-14 10:57:43,904 - INFO -         - valid_data : ./data/e2e/valid.jsonl
2025-04-14 10:57:43,904 - INFO -         - train_batch_size : 4
2025-04-14 10:57:43,904 - INFO -         - valid_batch_size : 1
2025-04-14 10:57:43,904 - INFO -         - grad_acc : 1
2025-04-14 10:57:43,904 - INFO -         - clip : 0.0
2025-04-14 10:57:43,904 - INFO -         - seq_len : 256
2025-04-14 10:57:43,904 - INFO -         - model_card : gpt2.sm
2025-04-14 10:57:43,904 - INFO -         - init_checkpoint : ./pretrained_checkpoints/gpt2-pytorch_model.bin
2025-04-14 10:57:43,904 - INFO -         - fp16 : False
2025-04-14 10:57:43,904 - INFO -         - log_interval : 100
2025-04-14 10:57:43,904 - INFO -         - eval_interval : 2000
2025-04-14 10:57:43,904 - INFO -         - save_interval : 1000
2025-04-14 10:57:43,904 - INFO -         - work_dir : ./trained_models/GPT2_SM/e2e
2025-04-14 10:57:43,904 - INFO -         - lora_dim : 4
2025-04-14 10:57:43,904 - INFO -         - lora_alpha : 32
2025-04-14 10:57:43,904 - INFO -         - obj : clm
2025-04-14 10:57:43,904 - INFO -         - lora_dropout : 0.1
2025-04-14 10:57:43,904 - INFO -         - label_smooth : 0.1
2025-04-14 10:57:43,904 - INFO -         - roll_interval : -1
2025-04-14 10:57:43,904 - INFO -         - roll_lr : 1e-05
2025-04-14 10:57:43,904 - INFO -         - roll_step : 100
2025-04-14 10:57:43,904 - INFO -         - eval_epoch : 1
2025-04-14 10:57:43,904 - INFO -         - dist : <module 'torch.distributed' from '/home/yindi/anaconda3/envs/lora_gpt2_3.7/lib/python3.7/site-packages/torch/distributed/__init__.py'>
2025-04-14 10:57:43,904 - INFO - ====================================================================================================
2025-04-14 10:57:45,634 - INFO - loading model pretrained weight.
2025-04-14 10:57:47,960 - INFO - set max_step:3000
2025-04-14 10:57:47,974 - INFO - start to train the model................1
2025-04-14 10:57:48,152 - INFO - Reducer buckets have been rebuilt in this iteration.
2025-04-14 10:58:03,062 - INFO - | epoch   1 step      100 |    100 batches | lr 4e-05 | ms/batch 150.88 | loss  5.58 | avg loss  5.83 | ppl 339.80
2025-04-14 10:58:18,202 - INFO - | epoch   1 step      200 |    200 batches | lr 8e-05 | ms/batch 151.40 | loss  3.16 | avg loss  4.21 | ppl 67.45
2025-04-14 10:58:33,435 - INFO - | epoch   1 step      300 |    300 batches | lr 0.00012 | ms/batch 152.32 | loss  3.22 | avg loss  3.35 | ppl 28.61
2025-04-14 10:58:48,734 - INFO - | epoch   1 step      400 |    400 batches | lr 0.00016 | ms/batch 152.99 | loss  3.13 | avg loss  3.21 | ppl 24.90
2025-04-14 10:59:04,063 - INFO - | epoch   1 step      500 |    500 batches | lr 0.0002 | ms/batch 153.29 | loss  3.01 | avg loss  3.16 | ppl 23.68
2025-04-14 10:59:19,407 - INFO - | epoch   1 step      600 |    600 batches | lr 0.000192 | ms/batch 153.43 | loss  3.52 | avg loss  3.11 | ppl 22.48
2025-04-14 10:59:34,856 - INFO - | epoch   1 step      700 |    700 batches | lr 0.000184 | ms/batch 154.49 | loss  2.81 | avg loss  3.02 | ppl 20.59
2025-04-14 10:59:50,553 - INFO - | epoch   1 step      800 |    800 batches | lr 0.000176 | ms/batch 156.97 | loss  2.96 | avg loss  3.03 | ppl 20.67
2025-04-14 11:00:06,158 - INFO - | epoch   1 step      900 |    900 batches | lr 0.000168 | ms/batch 156.05 | loss  3.66 | avg loss  3.04 | ppl 20.89
2025-04-14 11:00:21,791 - INFO - | epoch   1 step     1000 |   1000 batches | lr 0.00016 | ms/batch 156.33 | loss  2.61 | avg loss  2.96 | ppl 19.21
2025-04-14 11:00:21,791 - INFO - saving checkpoint ./trained_models/GPT2_SM/e2e/model.1000.pt
2025-04-14 11:00:21,797 - INFO - saving checkpoint./trained_models/GPT2_SM/e2e/model.1000.pt
2025-04-14 11:00:24,243 - INFO - start to train the model................2
2025-04-14 11:00:39,746 - INFO - | epoch   2 step     1100 |    100 batches | lr 0.000152 | ms/batch 155.03 | loss  2.89 | avg loss  2.93 | ppl 18.72
2025-04-14 11:00:55,343 - INFO - | epoch   2 step     1200 |    200 batches | lr 0.000144 | ms/batch 155.96 | loss  2.86 | avg loss  2.94 | ppl 18.95
2025-04-14 11:01:10,986 - INFO - | epoch   2 step     1300 |    300 batches | lr 0.000136 | ms/batch 156.43 | loss  2.56 | avg loss  2.94 | ppl 19.01
2025-04-14 11:01:26,663 - INFO - | epoch   2 step     1400 |    400 batches | lr 0.000128 | ms/batch 156.77 | loss  2.99 | avg loss  2.93 | ppl 18.76
2025-04-14 11:01:42,385 - INFO - | epoch   2 step     1500 |    500 batches | lr 0.00012 | ms/batch 157.21 | loss  3.35 | avg loss  2.93 | ppl 18.70
2025-04-14 11:01:58,077 - INFO - | epoch   2 step     1600 |    600 batches | lr 0.000112 | ms/batch 156.92 | loss  3.65 | avg loss  2.92 | ppl 18.58
2025-04-14 11:02:13,800 - INFO - | epoch   2 step     1700 |    700 batches | lr 0.000104 | ms/batch 157.23 | loss  2.65 | avg loss  2.89 | ppl 18.02
2025-04-14 11:02:29,530 - INFO - | epoch   2 step     1800 |    800 batches | lr 9.6e-05 | ms/batch 157.29 | loss  2.89 | avg loss  2.90 | ppl 18.21
2025-04-14 11:02:45,240 - INFO - | epoch   2 step     1900 |    900 batches | lr 8.8e-05 | ms/batch 157.09 | loss  3.07 | avg loss  2.85 | ppl 17.34
2025-04-14 11:03:00,944 - INFO - | epoch   2 step     2000 |   1000 batches | lr 8e-05 | ms/batch 157.04 | loss  2.69 | avg loss  2.91 | ppl 18.29
2025-04-14 11:03:00,945 - INFO - saving checkpoint ./trained_models/GPT2_SM/e2e/model.2000.pt
2025-04-14 11:03:00,974 - INFO - eval samples: 0 loss: 2.3661394119262695
2025-04-14 11:03:03,229 - INFO - eval samples: 100 loss: 2.4034645557403564
2025-04-14 11:03:05,489 - INFO - eval samples: 200 loss: 1.5378296375274658
2025-04-14 11:03:07,745 - INFO - eval samples: 300 loss: 1.272993803024292
2025-04-14 11:03:09,989 - INFO - eval samples: 400 loss: 1.4041337966918945
2025-04-14 11:03:12,226 - INFO - eval samples: 500 loss: 1.2619796991348267
2025-04-14 11:03:14,459 - INFO - eval samples: 600 loss: 1.7446788549423218
2025-04-14 11:03:16,688 - INFO - eval samples: 700 loss: 0.936954140663147
2025-04-14 11:03:18,926 - INFO - eval samples: 800 loss: 3.045461416244507
2025-04-14 11:03:21,157 - INFO - eval samples: 900 loss: 0.8681082725524902
2025-04-14 11:03:23,387 - INFO - eval samples: 1000 loss: 1.4514338970184326
2025-04-14 11:03:25,616 - INFO - eval samples: 1100 loss: 0.9059345126152039
2025-04-14 11:03:27,842 - INFO - eval samples: 1200 loss: 3.688101053237915
2025-04-14 11:03:30,067 - INFO - eval samples: 1300 loss: 0.9922271370887756
2025-04-14 11:03:32,295 - INFO - eval samples: 1400 loss: 2.2322428226470947
2025-04-14 11:03:34,531 - INFO - eval samples: 1500 loss: 1.7245078086853027
2025-04-14 11:03:36,757 - INFO - eval samples: 1600 loss: 1.4802048206329346
2025-04-14 11:03:38,984 - INFO - eval samples: 1700 loss: 1.6910825967788696
2025-04-14 11:03:41,215 - INFO - eval samples: 1800 loss: 1.2245103120803833
2025-04-14 11:03:43,442 - INFO - eval samples: 1900 loss: 1.1822924613952637
2025-04-14 11:03:45,623 - INFO - average loss 1.5298698697762825
2025-04-14 11:03:45,624 - INFO - ----------------------------------------------------------------------------------------------------
2025-04-14 11:03:45,624 - INFO - | Eval   1 at step     2000 | time: 44.67s | valid loss  1.53 | valid ppl  4.62 | best ppl  4.62 
2025-04-14 11:03:45,624 - INFO - ----------------------------------------------------------------------------------------------------
2025-04-14 11:03:45,624 - INFO - saving checkpoint./trained_models/GPT2_SM/e2e/model.2000.pt
2025-04-14 11:03:48,023 - INFO - start to train the model................3
2025-04-14 11:04:03,338 - INFO - | epoch   3 step     2100 |    100 batches | lr 7.2e-05 | ms/batch 153.15 | loss  2.94 | avg loss  2.85 | ppl 17.25
2025-04-14 11:04:18,653 - INFO - | epoch   3 step     2200 |    200 batches | lr 6.4e-05 | ms/batch 153.15 | loss  2.80 | avg loss  2.86 | ppl 17.53
2025-04-14 11:04:33,986 - INFO - | epoch   3 step     2300 |    300 batches | lr 5.6e-05 | ms/batch 153.33 | loss  2.45 | avg loss  2.89 | ppl 18.08
2025-04-14 11:04:49,323 - INFO - | epoch   3 step     2400 |    400 batches | lr 4.8e-05 | ms/batch 153.37 | loss  2.53 | avg loss  2.83 | ppl 16.91
2025-04-14 11:05:04,684 - INFO - | epoch   3 step     2500 |    500 batches | lr 4e-05 | ms/batch 153.61 | loss  2.66 | avg loss  2.86 | ppl 17.42
2025-04-14 11:05:20,058 - INFO - | epoch   3 step     2600 |    600 batches | lr 3.2e-05 | ms/batch 153.74 | loss  3.23 | avg loss  2.88 | ppl 17.74
2025-04-14 11:05:35,450 - INFO - | epoch   3 step     2700 |    700 batches | lr 2.4e-05 | ms/batch 153.92 | loss  3.01 | avg loss  2.85 | ppl 17.33
2025-04-14 11:05:50,818 - INFO - | epoch   3 step     2800 |    800 batches | lr 1.6e-05 | ms/batch 153.68 | loss  3.11 | avg loss  2.86 | ppl 17.43
2025-04-14 11:06:06,157 - INFO - | epoch   3 step     2900 |    900 batches | lr 8e-06 | ms/batch 153.38 | loss  2.88 | avg loss  2.82 | ppl 16.72
2025-04-14 11:06:21,491 - INFO - | epoch   3 step     3000 |   1000 batches | lr 0 | ms/batch 153.34 | loss  2.90 | avg loss  2.83 | ppl 16.87
2025-04-14 11:06:21,491 - INFO - saving checkpoint ./trained_models/GPT2_SM/e2e/model.3000.pt
2025-04-14 11:06:21,496 - INFO - saving checkpoint./trained_models/GPT2_SM/e2e/model.3000.pt
2025-04-14 11:06:23,971 - INFO - ----------------------------------------------------------------------------------------------------
2025-04-14 11:06:23,971 - INFO - End of training
2025-04-14 11:06:23,971 - INFO - cleanup dist ...
