2025-04-14 10:18:47,766 - INFO - ====================================================================================================
2025-04-14 10:18:47,766 - INFO -         - platform : local
2025-04-14 10:18:47,766 - INFO -         - local_rank : 0
2025-04-14 10:18:47,766 - INFO -         - rank : 0
2025-04-14 10:18:47,766 - INFO -         - device : 0
2025-04-14 10:18:47,766 - INFO -         - world_size : 1
2025-04-14 10:18:47,766 - INFO -         - random_seed : 100
2025-04-14 10:18:47,766 - INFO -         - lr : 0.0002
2025-04-14 10:18:47,766 - INFO -         - weight_decay : 0.01
2025-04-14 10:18:47,766 - INFO -         - correct_bias : True
2025-04-14 10:18:47,766 - INFO -         - adam_epislon : 1e-06
2025-04-14 10:18:47,766 - INFO -         - no_decay_bias : False
2025-04-14 10:18:47,767 - INFO -         - adam_beta1 : 0.9
2025-04-14 10:18:47,767 - INFO -         - adam_beta2 : 0.999
2025-04-14 10:18:47,767 - INFO -         - scheduler : linear
2025-04-14 10:18:47,767 - INFO -         - max_step : None
2025-04-14 10:18:47,767 - INFO -         - max_epoch : 3
2025-04-14 10:18:47,767 - INFO -         - warmup_step : 500
2025-04-14 10:18:47,767 - INFO -         - i_steps : 0
2025-04-14 10:18:47,767 - INFO -         - i_lrs : 0.00025
2025-04-14 10:18:47,767 - INFO -         - log_dir : ./log/webnlg_challenge_2017
2025-04-14 10:18:47,767 - INFO -         - train_data : ./data/webnlg_challenge_2017/train.jsonl
2025-04-14 10:18:47,767 - INFO -         - valid_data : ./data/webnlg_challenge_2017/valid.jsonl
2025-04-14 10:18:47,767 - INFO -         - train_batch_size : 4
2025-04-14 10:18:47,767 - INFO -         - valid_batch_size : 1
2025-04-14 10:18:47,767 - INFO -         - grad_acc : 1
2025-04-14 10:18:47,767 - INFO -         - clip : 0.0
2025-04-14 10:18:47,767 - INFO -         - seq_len : 256
2025-04-14 10:18:47,767 - INFO -         - model_card : gpt2.sm
2025-04-14 10:18:47,767 - INFO -         - init_checkpoint : ./pretrained_checkpoints/gpt2-pytorch_model.bin
2025-04-14 10:18:47,767 - INFO -         - fp16 : False
2025-04-14 10:18:47,767 - INFO -         - log_interval : 100
2025-04-14 10:18:47,767 - INFO -         - eval_interval : 2000
2025-04-14 10:18:47,767 - INFO -         - save_interval : 1000
2025-04-14 10:18:47,767 - INFO -         - work_dir : ./trained_models/GPT2_SM/webnlg_challenge_2017
2025-04-14 10:18:47,767 - INFO -         - lora_dim : 4
2025-04-14 10:18:47,767 - INFO -         - lora_alpha : 32
2025-04-14 10:18:47,767 - INFO -         - obj : clm
2025-04-14 10:18:47,767 - INFO -         - lora_dropout : 0.1
2025-04-14 10:18:47,767 - INFO -         - label_smooth : 0.1
2025-04-14 10:18:47,767 - INFO -         - roll_interval : -1
2025-04-14 10:18:47,767 - INFO -         - roll_lr : 1e-05
2025-04-14 10:18:47,767 - INFO -         - roll_step : 100
2025-04-14 10:18:47,767 - INFO -         - eval_epoch : 1
2025-04-14 10:18:47,767 - INFO - ====================================================================================================
2025-04-14 10:18:48,144 - INFO - loading model pretrained weight.
2025-04-14 10:18:50,465 - INFO - set max_step:2133
2025-04-14 10:18:50,467 - INFO - start to train the model................1
2025-04-14 10:19:17,974 - INFO - | epoch   1 step      100 |    100 batches | lr 4e-05 | ms/batch 275.07 | loss  5.46 | avg loss  5.53 | ppl 252.26
2025-04-14 10:19:45,907 - INFO - | epoch   1 step      200 |    200 batches | lr 8e-05 | ms/batch 279.33 | loss  2.81 | avg loss  4.06 | ppl 58.24
2025-04-14 10:20:14,044 - INFO - | epoch   1 step      300 |    300 batches | lr 0.00012 | ms/batch 281.36 | loss  2.82 | avg loss  3.24 | ppl 25.61
2025-04-14 10:20:42,301 - INFO - | epoch   1 step      400 |    400 batches | lr 0.00016 | ms/batch 282.57 | loss  2.80 | avg loss  2.78 | ppl 16.12
2025-04-14 10:21:11,256 - INFO - | epoch   1 step      500 |    500 batches | lr 0.0002 | ms/batch 289.54 | loss  2.66 | avg loss  2.62 | ppl 13.68
2025-04-14 10:21:40,283 - INFO - | epoch   1 step      600 |    600 batches | lr 0.000188 | ms/batch 290.28 | loss  2.96 | avg loss  2.84 | ppl 17.05
2025-04-14 10:22:09,660 - INFO - | epoch   1 step      700 |    700 batches | lr 0.000176 | ms/batch 293.76 | loss  2.26 | avg loss  2.78 | ppl 16.19
2025-04-14 10:22:12,830 - INFO - saving checkpoint./trained_models/GPT2_SM/webnlg_challenge_2017/model.711.pt
2025-04-14 10:22:14,578 - INFO - start to train the model................2
2025-04-14 10:22:40,346 - INFO - | epoch   2 step      800 |     89 batches | lr 0.000163 | ms/batch 257.67 | loss  2.39 | avg loss  2.59 | ppl 13.30
2025-04-14 10:23:09,571 - INFO - | epoch   2 step      900 |    189 batches | lr 0.000151 | ms/batch 292.25 | loss  3.83 | avg loss  2.56 | ppl 12.88
2025-04-14 10:23:39,075 - INFO - | epoch   2 step     1000 |    289 batches | lr 0.000139 | ms/batch 295.04 | loss  2.38 | avg loss  2.65 | ppl 14.21
2025-04-14 10:23:39,075 - INFO - saving checkpoint ./trained_models/GPT2_SM/webnlg_challenge_2017/model.1000.pt
2025-04-14 10:24:08,811 - INFO - | epoch   2 step     1100 |    389 batches | lr 0.000127 | ms/batch 297.35 | loss  2.30 | avg loss  2.46 | ppl 11.71
2025-04-14 10:24:38,343 - INFO - | epoch   2 step     1200 |    489 batches | lr 0.000114 | ms/batch 295.32 | loss  2.45 | avg loss  2.37 | ppl 10.67
2025-04-14 10:25:08,044 - INFO - | epoch   2 step     1300 |    589 batches | lr 0.000102 | ms/batch 297.01 | loss  2.36 | avg loss  2.53 | ppl 12.55
2025-04-14 10:25:37,846 - INFO - | epoch   2 step     1400 |    689 batches | lr 8.98e-05 | ms/batch 298.02 | loss  2.39 | avg loss  2.59 | ppl 13.29
2025-04-14 10:25:44,428 - INFO - saving checkpoint./trained_models/GPT2_SM/webnlg_challenge_2017/model.1422.pt
2025-04-14 10:25:46,158 - INFO - start to train the model................3
2025-04-14 10:26:08,980 - INFO - | epoch   3 step     1500 |     78 batches | lr 7.75e-05 | ms/batch 228.22 | loss  2.84 | avg loss  2.34 | ppl 10.35
2025-04-14 10:26:38,730 - INFO - | epoch   3 step     1600 |    178 batches | lr 6.53e-05 | ms/batch 297.50 | loss  2.65 | avg loss  2.35 | ppl 10.53
2025-04-14 10:27:08,522 - INFO - | epoch   3 step     1700 |    278 batches | lr 5.3e-05 | ms/batch 297.92 | loss  2.54 | avg loss  2.47 | ppl 11.78
2025-04-14 10:27:38,496 - INFO - | epoch   3 step     1800 |    378 batches | lr 4.08e-05 | ms/batch 299.73 | loss  2.19 | avg loss  2.34 | ppl 10.33
2025-04-14 10:28:08,262 - INFO - | epoch   3 step     1900 |    478 batches | lr 2.85e-05 | ms/batch 297.67 | loss  2.10 | avg loss  2.28 | ppl  9.77
2025-04-14 10:28:37,635 - INFO - | epoch   3 step     2000 |    578 batches | lr 1.63e-05 | ms/batch 293.73 | loss  2.20 | avg loss  2.40 | ppl 11.08
2025-04-14 10:28:37,635 - INFO - saving checkpoint ./trained_models/GPT2_SM/webnlg_challenge_2017/model.2000.pt
2025-04-14 10:28:37,868 - INFO - eval samples: 0 loss: 0.5486662983894348
2025-04-14 10:28:42,053 - INFO - eval samples: 100 loss: 0.7831697463989258
2025-04-14 10:28:44,435 - INFO - average loss 0.9367938680173475
2025-04-14 10:28:44,435 - INFO - ----------------------------------------------------------------------------------------------------
2025-04-14 10:28:44,435 - INFO - | Eval   1 at step     2000 | time:  6.63s | valid loss  0.94 | valid ppl  2.55 | best ppl  2.55 
2025-04-14 10:28:44,435 - INFO - ----------------------------------------------------------------------------------------------------
2025-04-14 10:29:13,727 - INFO - | epoch   3 step     2100 |    678 batches | lr 4.04e-06 | ms/batch 360.91 | loss  2.47 | avg loss  2.51 | ppl 12.24
2025-04-14 10:29:23,599 - INFO - saving checkpoint./trained_models/GPT2_SM/webnlg_challenge_2017/model.2133.pt
2025-04-14 10:29:25,304 - INFO - ----------------------------------------------------------------------------------------------------
2025-04-14 10:29:25,305 - INFO - End of training
